Archive member included to satisfy reference by file (symbol)

c:/ac6/systemworkbench/plugins/fr.ac6.mcu.externaltools.arm-none.win32_1.17.0.201812190825/tools/compiler/bin/../lib/gcc/arm-none-eabi/7.3.1/thumb/v6-m\libgcc.a(_udivsi3.o)
                              StdPeriph_Driver/src/stm32f0xx_rcc.o (__aeabi_uidiv)
c:/ac6/systemworkbench/plugins/fr.ac6.mcu.externaltools.arm-none.win32_1.17.0.201812190825/tools/compiler/bin/../lib/gcc/arm-none-eabi/7.3.1/thumb/v6-m\libgcc.a(_dvmd_tls.o)
                              c:/ac6/systemworkbench/plugins/fr.ac6.mcu.externaltools.arm-none.win32_1.17.0.201812190825/tools/compiler/bin/../lib/gcc/arm-none-eabi/7.3.1/thumb/v6-m\libgcc.a(_udivsi3.o) (__aeabi_idiv0)
c:/ac6/systemworkbench/plugins/fr.ac6.mcu.externaltools.arm-none.win32_1.17.0.201812190825/tools/compiler/bin/../lib/gcc/arm-none-eabi/7.3.1/../../../../arm-none-eabi/lib/thumb/v6-m\libc.a(lib_a-errno.o)
                              src/syscalls.o (__errno)
c:/ac6/systemworkbench/plugins/fr.ac6.mcu.externaltools.arm-none.win32_1.17.0.201812190825/tools/compiler/bin/../lib/gcc/arm-none-eabi/7.3.1/../../../../arm-none-eabi/lib/thumb/v6-m\libc.a(lib_a-exit.o)
                              c:/ac6/systemworkbench/plugins/fr.ac6.mcu.externaltools.arm-none.win32_1.17.0.201812190825/tools/compiler/bin/../lib/gcc/arm-none-eabi/7.3.1/../../../../arm-none-eabi/lib/thumb/v6-m/crt0.o (exit)
c:/ac6/systemworkbench/plugins/fr.ac6.mcu.externaltools.arm-none.win32_1.17.0.201812190825/tools/compiler/bin/../lib/gcc/arm-none-eabi/7.3.1/../../../../arm-none-eabi/lib/thumb/v6-m\libc.a(lib_a-impure.o)
                              c:/ac6/systemworkbench/plugins/fr.ac6.mcu.externaltools.arm-none.win32_1.17.0.201812190825/tools/compiler/bin/../lib/gcc/arm-none-eabi/7.3.1/../../../../arm-none-eabi/lib/thumb/v6-m\libc.a(lib_a-exit.o) (_global_impure_ptr)
c:/ac6/systemworkbench/plugins/fr.ac6.mcu.externaltools.arm-none.win32_1.17.0.201812190825/tools/compiler/bin/../lib/gcc/arm-none-eabi/7.3.1/../../../../arm-none-eabi/lib/thumb/v6-m\libc.a(lib_a-init.o)
                              c:/ac6/systemworkbench/plugins/fr.ac6.mcu.externaltools.arm-none.win32_1.17.0.201812190825/tools/compiler/bin/../lib/gcc/arm-none-eabi/7.3.1/../../../../arm-none-eabi/lib/thumb/v6-m/crt0.o (__libc_init_array)
c:/ac6/systemworkbench/plugins/fr.ac6.mcu.externaltools.arm-none.win32_1.17.0.201812190825/tools/compiler/bin/../lib/gcc/arm-none-eabi/7.3.1/../../../../arm-none-eabi/lib/thumb/v6-m\libc.a(lib_a-itoa.o)
                              src/main.o (itoa)
c:/ac6/systemworkbench/plugins/fr.ac6.mcu.externaltools.arm-none.win32_1.17.0.201812190825/tools/compiler/bin/../lib/gcc/arm-none-eabi/7.3.1/../../../../arm-none-eabi/lib/thumb/v6-m\libc.a(lib_a-memset.o)
                              c:/ac6/systemworkbench/plugins/fr.ac6.mcu.externaltools.arm-none.win32_1.17.0.201812190825/tools/compiler/bin/../lib/gcc/arm-none-eabi/7.3.1/../../../../arm-none-eabi/lib/thumb/v6-m/crt0.o (memset)
c:/ac6/systemworkbench/plugins/fr.ac6.mcu.externaltools.arm-none.win32_1.17.0.201812190825/tools/compiler/bin/../lib/gcc/arm-none-eabi/7.3.1/../../../../arm-none-eabi/lib/thumb/v6-m\libc.a(lib_a-strlen-stub.o)
                              src/main.o (strlen)
c:/ac6/systemworkbench/plugins/fr.ac6.mcu.externaltools.arm-none.win32_1.17.0.201812190825/tools/compiler/bin/../lib/gcc/arm-none-eabi/7.3.1/../../../../arm-none-eabi/lib/thumb/v6-m\libc.a(lib_a-utoa.o)
                              c:/ac6/systemworkbench/plugins/fr.ac6.mcu.externaltools.arm-none.win32_1.17.0.201812190825/tools/compiler/bin/../lib/gcc/arm-none-eabi/7.3.1/../../../../arm-none-eabi/lib/thumb/v6-m\libc.a(lib_a-itoa.o) (__utoa)
c:/ac6/systemworkbench/plugins/fr.ac6.mcu.externaltools.arm-none.win32_1.17.0.201812190825/tools/compiler/bin/../lib/gcc/arm-none-eabi/7.3.1/../../../../arm-none-eabi/lib/thumb/v6-m\libc.a(lib_a-__call_atexit.o)
                              c:/ac6/systemworkbench/plugins/fr.ac6.mcu.externaltools.arm-none.win32_1.17.0.201812190825/tools/compiler/bin/../lib/gcc/arm-none-eabi/7.3.1/../../../../arm-none-eabi/lib/thumb/v6-m\libc.a(lib_a-exit.o) (__call_exitprocs)
c:/ac6/systemworkbench/plugins/fr.ac6.mcu.externaltools.arm-none.win32_1.17.0.201812190825/tools/compiler/bin/../lib/gcc/arm-none-eabi/7.3.1/../../../../arm-none-eabi/lib/thumb/v6-m\libc.a(lib_a-atexit.o)
                              c:/ac6/systemworkbench/plugins/fr.ac6.mcu.externaltools.arm-none.win32_1.17.0.201812190825/tools/compiler/bin/../lib/gcc/arm-none-eabi/7.3.1/../../../../arm-none-eabi/lib/thumb/v6-m\libc.a(lib_a-__call_atexit.o) (atexit)
c:/ac6/systemworkbench/plugins/fr.ac6.mcu.externaltools.arm-none.win32_1.17.0.201812190825/tools/compiler/bin/../lib/gcc/arm-none-eabi/7.3.1/../../../../arm-none-eabi/lib/thumb/v6-m\libc.a(lib_a-fini.o)
[...]
Memory Configuration

Name             Origin             Length             Attributes
RAM              0x20000000         0x00008000         xrw
ROM              0x08000000         0x00040000         xr
*default*        0x00000000         0xffffffff

Linker script and memory map

LOAD c:/ac6/systemworkbench/plugins/fr.ac6.mcu.externaltools.arm-none.win32_1.17.0.201812190825/tools/compiler/bin/../lib/gcc/arm-none-eabi/7.3.1/thumb/v6-m/crti.o
LOAD c:/ac6/systemworkbench/plugins/fr.ac6.mcu.externaltools.arm-none.win32_1.17.0.201812190825/tools/compiler/bin/../lib/gcc/arm-none-eabi/7.3.1/thumb/v6-m/crtbegin.o
LOAD c:/ac6/systemworkbench/plugins/fr.ac6.mcu.externaltools.arm-none.win32_1.17.0.201812190825/tools/compiler/bin/../lib/gcc/arm-none-eabi/7.3.1/../../../../arm-none-eabi/lib/thumb/v6-m/crt0.o
LOAD StdPeriph_Driver/src/stm32f0xx_adc.o
LOAD StdPeriph_Driver/src/stm32f0xx_can.o
LOAD StdPeriph_Driver/src/stm32f0xx_cec.o
LOAD StdPeriph_Driver/src/stm32f0xx_comp.o
LOAD StdPeriph_Driver/src/stm32f0xx_crc.o
LOAD StdPeriph_Driver/src/stm32f0xx_crs.o
LOAD StdPeriph_Driver/src/stm32f0xx_dac.o
LOAD StdPeriph_Driver/src/stm32f0xx_dbgmcu.o
LOAD StdPeriph_Driver/src/stm32f0xx_dma.o
LOAD StdPeriph_Driver/src/stm32f0xx_exti.o
LOAD StdPeriph_Driver/src/stm32f0xx_flash.o
LOAD StdPeriph_Driver/src/stm32f0xx_gpio.o
LOAD StdPeriph_Driver/src/stm32f0xx_i2c.o
LOAD StdPeriph_Driver/src/stm32f0xx_iwdg.o
LOAD StdPeriph_Driver/src/stm32f0xx_misc.o
LOAD StdPeriph_Driver/src/stm32f0xx_pwr.o
LOAD StdPeriph_Driver/src/stm32f0xx_rcc.o
LOAD StdPeriph_Driver/src/stm32f0xx_rtc.o
LOAD StdPeriph_Driver/src/stm32f0xx_spi.o
LOAD StdPeriph_Driver/src/stm32f0xx_syscfg.o
LOAD StdPeriph_Driver/src/stm32f0xx_tim.o
LOAD StdPeriph_Driver/src/stm32f0xx_usart.o
LOAD StdPeriph_Driver/src/stm32f0xx_wwdg.o
LOAD src/main.o
LOAD src/support.o
LOAD src/syscalls.o
LOAD src/system_stm32f0xx.o
LOAD startup/startup_stm32.o
LOAD c:/ac6/systemworkbench/plugins/fr.ac6.mcu.externaltools.arm-none.win32_1.17.0.201812190825/tools/compiler/bin/../lib/gcc/arm-none-eabi/7.3.1/../../../../arm-none-eabi/lib/thumb/v6-m\libm.a
START GROUP
LOAD c:/ac6/systemworkbench/plugins/fr.ac6.mcu.externaltools.arm-none.win32_1.17.0.201812190825/tools/compiler/bin/../lib/gcc/arm-none-eabi/7.3.1/thumb/v6-m\libgcc.a
LOAD c:/ac6/systemworkbench/plugins/fr.ac6.mcu.externaltools.arm-none.win32_1.17.0.201812190825/tools/compiler/bin/../lib/gcc/arm-none-eabi/7.3.1/../../../../arm-none-eabi/lib/thumb/v6-m\libc.a
END GROUP
LOAD c:/ac6/systemworkbench/plugins/fr.ac6.mcu.externaltools.arm-none.win32_1.17.0.201812190825/tools/compiler/bin/../lib/gcc/arm-none-eabi/7.3.1/thumb/v6-m/crtend.o
LOAD c:/ac6/systemworkbench/plugins/fr.ac6.mcu.externaltools.arm-none.win32_1.17.0.201812190825/tools/compiler/bin/../lib/gcc/arm-none-eabi/7.3.1/thumb/v6-m/crtn.o
                0x20008000                _estack = 0x20008000
                0x00000000                _Min_Heap_Size = 0x0
                0x00000400                _Min_Stack_Size = 0x400

.isr_vector     0x08000000       0xc0
                0x08000000                . = ALIGN (0x4)
 *(.isr_vector)
 .isr_vector    0x08000000       0xc0 startup/startup_stm32.o
                0x08000000                g_pfnVectors
                0x080000c0                . = ALIGN (0x4)

.text           0x080000c0     0x26cc
                0x080000c0                . = ALIGN (0x4)
 *(.text)
 .text          0x080000c0       0x48 c:/ac6/systemworkbench/plugins/fr.ac6.mcu.externaltools.arm-none.win32_1.17.0.201812190825/tools/compiler/bin/../lib/gcc/arm-none-eabi/7.3.1/thumb/v6-m/crtbegin.o
 .text          0x08000108      0x114 c:/ac6/systemworkbench/plugins/fr.ac6.mcu.externaltools.arm-none.win32_1.17.0.201812190825/tools/compiler/bin/../lib/gcc/arm-none-eabi/7.3.1/thumb/v6-m\libgcc.a(_udivsi3.o)
                0x08000108                __aeabi_uidiv
                0x08000108                __udivsi3
                0x08000214                __aeabi_uidivmod
 .text          0x0800021c        0x4 c:/ac6/systemworkbench/plugins/fr.ac6.mcu.externaltools.arm-none.win32_1.17.0.201812190825/tools/compiler/bin/../lib/gcc/arm-none-eabi/7.3.1/thumb/v6-m\libgcc.a(_dvmd_tls.o)
                0x0800021c                __aeabi_idiv0
                0x0800021c                __aeabi_ldiv0
 *(.text*)
 .text.TIM7_IRQHandler
                0x08000220       0x94 src/main.o
                0x08000220                TIM7_IRQHandler
 .text.init_tim7
                0x080002b4       0x58 src/main.o
                0x080002b4                init_tim7
 .text.init_points
                0x0800030c       0xc4 src/main.o
                0x0800030c                init_points
 .text.deletePoint
                0x080003d0      0x1d8 src/main.o
                0x080003d0                deletePoint
 .text.displayPoint
                0x080005a8       0xd0 src/main.o
                0x080005a8                displayPoint
 .text.movePoint
                0x08000678       0xd4 src/main.o
                0x08000678                movePoint
 .text.clearScreen
                0x0800074c       0x5c src/main.o
                0x0800074c                clearScreen
 .text.init_shipScreen
                0x080007a8       0xd4 src/main.o
                0x080007a8                init_shipScreen
 .text.init_gpiob
                0x0800087c       0xd0 src/main.o
                0x0800087c                init_gpiob
 .text.init_gpioa
                0x0800094c       0xa8 src/main.o
                0x0800094c                init_gpioa
 .text.init_gpioc
                0x080009f4       0x94 src/main.o
                0x080009f4                init_gpioc
 .text.p1_placing_handler
                0x08000a88       0xc0 src/main.o
                0x08000a88                p1_placing_handler
 .text.p2_placing_handler
                0x08000b48       0xc0 src/main.o
                0x08000b48                p2_placing_handler
 .text.p1_playing
                0x08000c08       0x62 src/main.o
                0x08000c08                p1_playing
 .text.p2_playing
                0x08000c6a       0x62 src/main.o
                0x08000c6a                p2_playing
 .text.init_tim6
                0x08000ccc       0x60 src/main.o
                0x08000ccc                init_tim6
 .text.TIM6_DAC_IRQHandler
                0x08000d2c      0x11c src/main.o
                0x08000d2c                TIM6_DAC_IRQHandler
 .text.update_placing
                0x08000e48       0x64 src/main.o
                0x08000e48                update_placing
 .text.update_turn
                0x08000eac       0xbc src/main.o
                0x08000eac                update_turn
 .text.main     0x08000f68      0x16c src/main.o
                0x08000f68                main
 .text.rotate_ship
                0x080010d4       0x72 src/main.o
                0x080010d4                rotate_ship
 *fill*         0x08001146        0x2 
 .text.deleteShip
                0x08001148      0x1b8 src/main.o
                0x08001148                deleteShip
 .text.displayShip
                0x08001300      0x288 src/main.o
                0x08001300                displayShip
 .text.checkPlace
                0x08001588      0x10c src/main.o
                0x08001588                checkPlace
 .text.moveShip
                0x08001694       0xf8 src/main.o
                0x08001694                moveShip
 .text.placeShip
                0x0800178c       0xc4 src/main.o
                0x0800178c                placeShip
 .text.spi1_setup_dma
                0x08001850       0x98 src/main.o
                0x08001850                spi1_setup_dma
 .text.spi1_enable_dma
                0x080018e8       0x1c src/main.o
                0x080018e8                spi1_enable_dma
 .text.init_spi1
                0x08001904       0x98 src/main.o
                0x08001904                init_spi1
 .text.spi1_init_oled
                0x0800199c       0x48 src/main.o
                0x0800199c                spi1_init_oled
 .text.spi_cmd  0x080019e4       0x2c src/main.o
                0x080019e4                spi_cmd
 .text.display_string
                0x08001a10       0xa4 src/main.o
                0x08001a10                display_string
 .text.init_tim15
                0x08001ab4       0x5c src/main.o
                0x08001ab4                init_tim15
 .text.TIM15_IRQHandler
                0x08001b10      0x15c src/main.o
                0x08001b10                TIM15_IRQHandler
 .text.checkSink
                0x08001c6c       0x68 src/main.o
                0x08001c6c                checkSink
 .text.hit_handler
                0x08001cd4      0x118 src/main.o
                0x08001cd4                hit_handler
 .text.fire     0x08001dec      0x1c8 src/main.o
                0x08001dec                fire
 .text.copy_ships
                0x08001fb4       0x7c src/main.o
                0x08001fb4                copy_ships
 .text.displayWinner
                0x08002030       0xac src/main.o
                0x08002030                displayWinner
 .text.nano_wait
                0x080020dc       0x18 src/support.o
                0x080020dc                nano_wait
 .text.push_queue
                0x080020f4       0x30 src/support.o
                0x080020f4                push_queue
 .text.pop_queue
                0x08002124       0x3c src/support.o
                0x08002124                pop_queue
 .text.update_history
                0x08002160       0x88 src/support.o
                0x08002160                update_history
 .text.drive_column
                0x080021e8       0x34 src/support.o
                0x080021e8                drive_column
 .text.read_rows
                0x0800221c       0x1c src/support.o
                0x0800221c                read_rows
 .text.update_history2
                0x08002238       0x80 src/support.o
                0x08002238                update_history2
 .text.drive_column2
                0x080022b8       0x34 src/support.o
                0x080022b8                drive_column2
 .text.read_rows2
                0x080022ec       0x1c src/support.o
                0x080022ec                read_rows2
 .text.SystemInit
                0x08002308       0x8c src/system_stm32f0xx.o
                0x08002308                SystemInit
 .text.SetSysClock
                0x08002394       0xe0 src/system_stm32f0xx.o
 .text.Reset_Handler
                0x08002474       0x50 startup/startup_stm32.o
                0x08002474                Reset_Handler
 .text.Default_Handler
                0x080024c4        0x2 startup/startup_stm32.o
                0x080024c4                DMA1_CH4_5_6_7_DMA2_CH3_4_5_IRQHandler
                0x080024c4                TIM1_CC_IRQHandler
                0x080024c4                TSC_IRQHandler
                0x080024c4                HardFault_Handler
                0x080024c4                SysTick_Handler
                0x080024c4                PVD_IRQHandler
                0x080024c4                PendSV_Handler
                0x080024c4                NMI_Handler
                0x080024c4                I2C1_IRQHandler
                0x080024c4                RCC_CRS_IRQHandler
                0x080024c4                SPI1_IRQHandler
                0x080024c4                EXTI2_3_IRQHandler
                0x080024c4                I2C2_IRQHandler
                0x080024c4                TIM17_IRQHandler
                0x080024c4                CEC_CAN_IRQHandler
                0x080024c4                RTC_IRQHandler
                0x080024c4                TIM16_IRQHandler
                0x080024c4                TIM3_IRQHandler
                0x080024c4                EXTI4_15_IRQHandler
                0x080024c4                Default_Handler
                0x080024c4                DMA1_CH2_3_DMA2_CH1_2_IRQHandler
                0x080024c4                TIM14_IRQHandler
                0x080024c4                EXTI0_1_IRQHandler
                0x080024c4                USB_IRQHandler
                0x080024c4                SPI2_IRQHandler
                0x080024c4                DMA1_CH1_IRQHandler
                0x080024c4                SVC_Handler
                0x080024c4                WWDG_IRQHandler
                0x080024c4                TIM2_IRQHandler
                0x080024c4                ADC_COMP_IRQHandler
                0x080024c4                USART2_IRQHandler
                0x080024c4                USART3_4_5_6_7_8_IRQHandler
                0x080024c4                FLASH_IRQHandler
                0x080024c4                USART1_IRQHandler
                0x080024c4                TIM1_BRK_UP_TRG_COM_IRQHandler
 *fill*         0x080024c6        0x2 
 .text.__libc_init_array
                0x080024c8       0x48 c:/ac6/systemworkbench/plugins/fr.ac6.mcu.externaltools.arm-none.win32_1.17.0.201812190825/tools/compiler/bin/../lib/gcc/arm-none-eabi/7.3.1/../../../../arm-none-eabi/lib/thumb/v6-m\libc.a(lib_a-init.o)
                0x080024c8                __libc_init_array
 .text.__itoa   0x08002510       0x30 c:/ac6/systemworkbench/plugins/fr.ac6.mcu.externaltools.arm-none.win32_1.17.0.201812190825/tools/compiler/bin/../lib/gcc/arm-none-eabi/7.3.1/../../../../arm-none-eabi/lib/thumb/v6-m\libc.a(lib_a-itoa.o)
                0x08002510                __itoa
 .text.itoa     0x08002540        0x8 c:/ac6/systemworkbench/plugins/fr.ac6.mcu.externaltools.arm-none.win32_1.17.0.201812190825/tools/compiler/bin/../lib/gcc/arm-none-eabi/7.3.1/../../../../arm-none-eabi/lib/thumb/v6-m\libc.a(lib_a-itoa.o)
                0x08002540                itoa
 .text.strlen   0x08002548       0x64 c:/ac6/systemworkbench/plugins/fr.ac6.mcu.externaltools.arm-none.win32_1.17.0.201812190825/tools/compiler/bin/../lib/gcc/arm-none-eabi/7.3.1/../../../../arm-none-eabi/lib/thumb/v6-m\libc.a(lib_a-strlen-stub.o)
                0x08002548                strlen
 .text.__utoa   0x080025ac       0x70 c:/ac6/systemworkbench/plugins/fr.ac6.mcu.externaltools.arm-none.win32_1.17.0.201812190825/tools/compiler/bin/../lib/gcc/arm-none-eabi/7.3.1/../../../../arm-none-eabi/lib/thumb/v6-m\libc.a(lib_a-utoa.o)
                0x080025ac                __utoa
 .text.startup.register_fini
                0x0800261c       0x18 c:/ac6/systemworkbench/plugins/fr.ac6.mcu.externaltools.arm-none.win32_1.17.0.201812190825/tools/compiler/bin/../lib/gcc/arm-none-eabi/7.3.1/../../../../arm-none-eabi/lib/thumb/v6-m\libc.a(lib_a-__call_atexit.o)
 .text.atexit   0x08002634       0x10 c:/ac6/systemworkbench/plugins/fr.ac6.mcu.externaltools.arm-none.win32_1.17.0.201812190825/tools/compiler/bin/../lib/gcc/arm-none-eabi/7.3.1/../../../../arm-none-eabi/lib/thumb/v6-m\libc.a(lib_a-atexit.o)
                0x08002634                atexit
 .text.__libc_fini_array
                0x08002644       0x34 c:/ac6/systemworkbench/plugins/fr.ac6.mcu.externaltools.arm-none.win32_1.17.0.201812190825/tools/compiler/bin/../lib/gcc/arm-none-eabi/7.3.1/../../../../arm-none-eabi/lib/thumb/v6-m\libc.a(lib_a-fini.o)
                0x08002644                __libc_fini_array
 .text.__retarget_lock_acquire_recursive
                0x08002678        0x4 c:/ac6/systemworkbench/plugins/fr.ac6.mcu.externaltools.arm-none.win32_1.17.0.201812190825/tools/compiler/bin/../lib/gcc/arm-none-eabi/7.3.1/../../../../arm-none-eabi/lib/thumb/v6-m\libc.a(lib_a-lock.o)
                0x08002678                __retarget_lock_acquire_recursive
 .text.__retarget_lock_release_recursive
                0x0800267c        0x4 c:/ac6/systemworkbench/plugins/fr.ac6.mcu.externaltools.arm-none.win32_1.17.0.201812190825/tools/compiler/bin/../lib/gcc/arm-none-eabi/7.3.1/../../../../arm-none-eabi/lib/thumb/v6-m\libc.a(lib_a-lock.o)
                0x0800267c                __retarget_lock_release_recursive
 .text.__register_exitproc
                0x08002680       0xf4 c:/ac6/systemworkbench/plugins/fr.ac6.mcu.externaltools.arm-none.win32_1.17.0.201812190825/tools/compiler/bin/../lib/gcc/arm-none-eabi/7.3.1/../../../../arm-none-eabi/lib/thumb/v6-m\libc.a(lib_a-__atexit.o)
                0x08002680                __register_exitproc
 *(.glue_7)
 .glue_7        0x08002774        0x0 linker stubs
 *(.glue_7t)
 .glue_7t       0x08002774        0x0 linker stubs
 *(.eh_frame)
 .eh_frame      0x08002774        0x0 c:/ac6/systemworkbench/plugins/fr.ac6.mcu.externaltools.arm-none.win32_1.17.0.201812190825/tools/compiler/bin/../lib/gcc/arm-none-eabi/7.3.1/thumb/v6-m/crtbegin.o
 *(.init)
 .init          0x08002774        0x4 c:/ac6/systemworkbench/plugins/fr.ac6.mcu.externaltools.arm-none.win32_1.17.0.201812190825/tools/compiler/bin/../lib/gcc/arm-none-eabi/7.3.1/thumb/v6-m/crti.o
                0x08002774                _init
 .init          0x08002778        0x8 c:/ac6/systemworkbench/plugins/fr.ac6.mcu.externaltools.arm-none.win32_1.17.0.201812190825/tools/compiler/bin/../lib/gcc/arm-none-eabi/7.3.1/thumb/v6-m/crtn.o
 *(.fini)
 .fini          0x08002780        0x4 c:/ac6/systemworkbench/plugins/fr.ac6.mcu.externaltools.arm-none.win32_1.17.0.201812190825/tools/compiler/bin/../lib/gcc/arm-none-eabi/7.3.1/thumb/v6-m/crti.o
                0x08002780                _fini
 .fini          0x08002784        0x8 c:/ac6/systemworkbench/plugins/fr.ac6.mcu.externaltools.arm-none.win32_1.17.0.201812190825/tools/compiler/bin/../lib/gcc/arm-none-eabi/7.3.1/thumb/v6-m/crtn.o
                0x0800278c                . = ALIGN (0x4)
                0x0800278c                _etext = .

.vfp11_veneer   0x0800278c        0x0
 .vfp11_veneer  0x0800278c        0x0 linker stubs

.v4_bx          0x0800278c        0x0
 .v4_bx         0x0800278c        0x0 linker stubs

.iplt           0x0800278c        0x0
 .iplt          0x0800278c        0x0 c:/ac6/systemworkbench/plugins/fr.ac6.mcu.externaltools.arm-none.win32_1.17.0.201812190825/tools/compiler/bin/../lib/gcc/arm-none-eabi/7.3.1/thumb/v6-m/crtbegin.o

.rodata         0x0800278c       0xc8
                0x0800278c                . = ALIGN (0x4)
 *(.rodata)
 .rodata        0x0800278c       0x85 src/main.o
 *fill*         0x08002811        0x3 
 .rodata        0x08002814       0x11 src/support.o
                0x08002814                keymap
 *(.rodata*)
 *fill*         0x08002825        0x3 
 .rodata._global_impure_ptr
                0x08002828        0x4 c:/ac6/systemworkbench/plugins/fr.ac6.mcu.externaltools.arm-none.win32_1.17.0.201812190825/tools/compiler/bin/../lib/gcc/arm-none-eabi/7.3.1/../../../../arm-none-eabi/lib/thumb/v6-m\libc.a(lib_a-impure.o)
                0x08002828                _global_impure_ptr
 .rodata.__utoa.str1.4
                0x0800282c       0x28 c:/ac6/systemworkbench/plugins/fr.ac6.mcu.externaltools.arm-none.win32_1.17.0.201812190825/tools/compiler/bin/../lib/gcc/arm-none-eabi/7.3.1/../../../../arm-none-eabi/lib/thumb/v6-m\libc.a(lib_a-utoa.o)
                                 0x25 (size before relaxing)
                0x08002854                . = ALIGN (0x4)

.rel.dyn        0x08002854        0x0
 .rel.iplt      0x08002854        0x0 c:/ac6/systemworkbench/plugins/fr.ac6.mcu.externaltools.arm-none.win32_1.17.0.201812190825/tools/compiler/bin/../lib/gcc/arm-none-eabi/7.3.1/thumb/v6-m/crtbegin.o

.ARM.extab      0x08002854        0x0
                0x08002854                . = ALIGN (0x4)
 *(.ARM.extab* .gnu.linkonce.armextab.*)
                0x08002854                . = ALIGN (0x4)

.ARM            0x08002854        0x0
                0x08002854                . = ALIGN (0x4)
                0x08002854                __exidx_start = .
 *(.ARM.exidx*)
                0x08002854                __exidx_end = .
                0x08002854                . = ALIGN (0x4)

.preinit_array  0x08002854        0x0
                0x08002854                . = ALIGN (0x4)
                0x08002854                PROVIDE (__preinit_array_start = .)
 *(.preinit_array*)
                0x08002854                PROVIDE (__preinit_array_end = .)
                0x08002854                . = ALIGN (0x4)

.init_array     0x08002854        0x8
                0x08002854                . = ALIGN (0x4)
                0x08002854                PROVIDE (__init_array_start = .)
 *(SORT_BY_NAME(.init_array.*))
 .init_array.00000
                0x08002854        0x4 c:/ac6/systemworkbench/plugins/fr.ac6.mcu.externaltools.arm-none.win32_1.17.0.201812190825/tools/compiler/bin/../lib/gcc/arm-none-eabi/7.3.1/../../../../arm-none-eabi/lib/thumb/v6-m\libc.a(lib_a-__call_atexit.o)
 *(.init_array*)
 .init_array    0x08002858        0x4 c:/ac6/systemworkbench/plugins/fr.ac6.mcu.externaltools.arm-none.win32_1.17.0.201812190825/tools/compiler/bin/../lib/gcc/arm-none-eabi/7.3.1/thumb/v6-m/crtbegin.o
                0x0800285c                PROVIDE (__init_array_end = .)
                0x0800285c                . = ALIGN (0x4)

.fini_array     0x0800285c        0x4
                0x0800285c                . = ALIGN (0x4)
                0x0800285c                PROVIDE (__fini_array_start = .)
 *(SORT_BY_NAME(.fini_array.*))
 *(.fini_array*)
 .fini_array    0x0800285c        0x4 c:/ac6/systemworkbench/plugins/fr.ac6.mcu.externaltools.arm-none.win32_1.17.0.201812190825/tools/compiler/bin/../lib/gcc/arm-none-eabi/7.3.1/thumb/v6-m/crtbegin.o
                0x08002860                PROVIDE (__fini_array_end = .)
                0x08002860                . = ALIGN (0x4)
                0x08002860                _sidata = LOADADDR (.data)

.data           0x20000000      0x9bc load address 0x08002860
                0x20000000                . = ALIGN (0x4)
                0x20000000                _sdata = .
 *(.data)
 .data          0x20000000      0x58c src/main.o
                0x20000000                numbers
                0x20000014                keypad1_numbers
                0x20000020                keypad2_numbers
                0x2000002c                keypad1_char
                0x20000034                keypad2_char
                0x2000003c                display
                0x20000080                display_size
                0x20000084                game_mode
                0x20000088                p1
                0x2000008c                p2
                0x20000090                p1_ship0
                0x200000a4                p1_ship1
                0x200000b8                p1_ship2
                0x200000cc                p1_ship3
                0x200000e0                p1_ship4
                0x200000f4                p1_ships
                0x20000108                p2_ship0
                0x2000011c                p2_ship1
                0x20000130                p2_ship2
                0x20000144                p2_ship3
                0x20000158                p2_ship4
                0x2000016c                p2_ships
                0x20000180                p1_turn
                0x20000184                p1_screen
                0x20000384                p2_screen
                0x20000584                p1_tarRow
                0x20000588                p2_tarRow
 *(.data*)
 *fill*         0x2000058c        0x4 
 .data.impure_data
                0x20000590      0x428 c:/ac6/systemworkbench/plugins/fr.ac6.mcu.externaltools.arm-none.win32_1.17.0.201812190825/tools/compiler/bin/../lib/gcc/arm-none-eabi/7.3.1/../../../../arm-none-eabi/lib/thumb/v6-m\libc.a(lib_a-impure.o)
 .data.__atexit_recursive_mutex
                0x200009b8        0x4 c:/ac6/systemworkbench/plugins/fr.ac6.mcu.externaltools.arm-none.win32_1.17.0.201812190825/tools/compiler/bin/../lib/gcc/arm-none-eabi/7.3.1/../../../../arm-none-eabi/lib/thumb/v6-m\libc.a(lib_a-__call_atexit.o)
                0x200009b8                __atexit_recursive_mutex
                0x200009bc                . = ALIGN (0x4)
                0x200009bc                _edata = .

.igot.plt       0x200009bc        0x0 load address 0x0800321c
 .igot.plt      0x200009bc        0x0 c:/ac6/systemworkbench/plugins/fr.ac6.mcu.externaltools.arm-none.win32_1.17.0.201812190825/tools/compiler/bin/../lib/gcc/arm-none-eabi/7.3.1/thumb/v6-m/crtbegin.o
                0x200009bc                . = ALIGN (0x4)

.bss            0x200009bc       0x94 load address 0x0800321c
                0x200009bc                _sbss = .
                0x200009bc                __bss_start__ = _sbss
 *(.bss)
 .bss           0x200009bc       0x1c c:/ac6/systemworkbench/plugins/fr.ac6.mcu.externaltools.arm-none.win32_1.17.0.201812190825/tools/compiler/bin/../lib/gcc/arm-none-eabi/7.3.1/thumb/v6-m/crtbegin.o
 .bss           0x200009d8       0x18 src/main.o
                0x200009d8                p1_shipnum
                0x200009dc                p2_shipnum
                0x200009e0                p1_place_done
                0x200009e1                p2_place_done
                0x200009e2                p2_turn
                0x200009e3                p1_win
                0x200009e4                p2_win
                0x200009e5                sink
                0x200009e6                hit
                0x200009e7                miss
                0x200009e8                p1_tarCol
                0x200009ec                p2_tarCol
 *(.bss*)
 *(COMMON)
 COMMON         0x200009f0        0x2 src/main.o
                0x200009f0                col
                0x200009f1                col2
 *fill*         0x200009f2        0x2 
 COMMON         0x200009f4       0x38 src/support.o
                0x200009f4                qout
                0x200009f8                qout2
                0x200009fc                hist2
                0x20000a0c                qin
                0x20000a10                queue
                0x20000a14                queue2
                0x20000a18                hist
                0x20000a28                qin2
 COMMON         0x20000a2c       0x21 c:/ac6/systemworkbench/plugins/fr.ac6.mcu.externaltools.arm-none.win32_1.17.0.201812190825/tools/compiler/bin/../lib/gcc/arm-none-eabi/7.3.1/../../../../arm-none-eabi/lib/thumb/v6-m\libc.a(lib_a-lock.o)
                0x20000a2c                __lock___atexit_recursive_mutex
                0x20000a30                __lock___arc4random_mutex
                0x20000a34                __lock___env_recursive_mutex
                0x20000a38                __lock___sinit_recursive_mutex
                0x20000a3c                __lock___malloc_recursive_mutex
                0x20000a40                __lock___at_quick_exit_mutex
                0x20000a44                __lock___dd_hash_mutex
                0x20000a48                __lock___tz_mutex
                0x20000a4c                __lock___sfp_recursive_mutex
                0x20000a50                . = ALIGN (0x4)
 *fill*         0x20000a4d        0x3 
                0x20000a50                _ebss = .
                0x20000a50                __bss_end__ = _ebss

._user_heap_stack
                0x20000a50      0x400 load address 0x0800321c
                0x20000a50                . = ALIGN (0x8)
                0x20000a50                PROVIDE (end = .)
                [!provide]                PROVIDE (_end = .)
                0x20000a50                . = (. + _Min_Heap_Size)
                0x20000e50                . = (. + _Min_Stack_Size)
 *fill*         0x20000a50      0x400 
                0x20000e50                . = ALIGN (0x8)

/DISCARD/
 libc.a(*)
 libm.a(*)
 libgcc.a(*)

.ARM.attributes
                0x00000000       0x28
 *(.ARM.attributes)
 .ARM.attributes
                0x00000000       0x1e c:/ac6/systemworkbench/plugins/fr.ac6.mcu.externaltools.arm-none.win32_1.17.0.201812190825/tools/compiler/bin/../lib/gcc/arm-none-eabi/7.3.1/thumb/v6-m/crti.o
 .ARM.attributes
                0x0000001e       0x2c c:/ac6/systemworkbench/plugins/fr.ac6.mcu.externaltools.arm-none.win32_1.17.0.201812190825/tools/compiler/bin/../lib/gcc/arm-none-eabi/7.3.1/thumb/v6-m/crtbegin.o
 .ARM.attributes
                0x0000004a       0x31 src/main.o
 .ARM.attributes
                0x0000007b       0x31 src/support.o
 .ARM.attributes
                0x000000ac       0x31 src/system_stm32f0xx.o
 .ARM.attributes
                0x000000dd       0x21 startup/startup_stm32.o
 .ARM.attributes
                0x000000fe       0x1e c:/ac6/systemworkbench/plugins/fr.ac6.mcu.externaltools.arm-none.win32_1.17.0.201812190825/tools/compiler/bin/../lib/gcc/arm-none-eabi/7.3.1/thumb/v6-m\libgcc.a(_udivsi3.o)
 .ARM.attributes
                0x0000011c       0x1e c:/ac6/systemworkbench/plugins/fr.ac6.mcu.externaltools.arm-none.win32_1.17.0.201812190825/tools/compiler/bin/../lib/gcc/arm-none-eabi/7.3.1/thumb/v6-m\libgcc.a(_dvmd_tls.o)
 .ARM.attributes
                0x0000013a       0x2c c:/ac6/systemworkbench/plugins/fr.ac6.mcu.externaltools.arm-none.win32_1.17.0.201812190825/tools/compiler/bin/../lib/gcc/arm-none-eabi/7.3.1/../../../../arm-none-eabi/lib/thumb/v6-m\libc.a(lib_a-impure.o)
 .ARM.attributes
                0x00000166       0x2c c:/ac6/systemworkbench/plugins/fr.ac6.mcu.externaltools.arm-none.win32_1.17.0.201812190825/tools/compiler/bin/../lib/gcc/arm-none-eabi/7.3.1/../../../../arm-none-eabi/lib/thumb/v6-m\libc.a(lib_a-init.o)
 .ARM.attributes
                0x00000192       0x2c c:/ac6/systemworkbench/plugins/fr.ac6.mcu.externaltools.arm-none.win32_1.17.0.201812190825/tools/compiler/bin/../lib/gcc/arm-none-eabi/7.3.1/../../../../arm-none-eabi/lib/thumb/v6-m\libc.a(lib_a-itoa.o)
 .ARM.attributes
                0x000001be       0x2c c:/ac6/systemworkbench/plugins/fr.ac6.mcu.externaltools.arm-none.win32_1.17.0.201812190825/tools/compiler/bin/../lib/gcc/arm-none-eabi/7.3.1/../../../../arm-none-eabi/lib/thumb/v6-m\libc.a(lib_a-strlen-stub.o)
 .ARM.attributes
                0x000001ea       0x2c c:/ac6/systemworkbench/plugins/fr.ac6.mcu.externaltools.arm-none.win32_1.17.0.201812190825/tools/compiler/bin/../lib/gcc/arm-none-eabi/7.3.1/../../../../arm-none-eabi/lib/thumb/v6-m\libc.a(lib_a-utoa.o)
 .ARM.attributes
                0x00000216       0x2c c:/ac6/systemworkbench/plugins/fr.ac6.mcu.externaltools.arm-none.win32_1.17.0.201812190825/tools/compiler/bin/../lib/gcc/arm-none-eabi/7.3.1/../../../../arm-none-eabi/lib/thumb/v6-m\libc.a(lib_a-__call_atexit.o)
 .ARM.attributes
                0x00000242       0x2c c:/ac6/systemworkbench/plugins/fr.ac6.mcu.externaltools.arm-none.win32_1.17.0.201812190825/tools/compiler/bin/../lib/gcc/arm-none-eabi/7.3.1/../../../../arm-none-eabi/lib/thumb/v6-m\libc.a(lib_a-atexit.o)
 .ARM.attributes
                0x0000026e       0x2c c:/ac6/systemworkbench/plugins/fr.ac6.mcu.externaltools.arm-none.win32_1.17.0.201812190825/tools/compiler/bin/../lib/gcc/arm-none-eabi/7.3.1/../../../../arm-none-eabi/lib/thumb/v6-m\libc.a(lib_a-fini.o)
 .ARM.attributes
                0x0000029a       0x2c c:/ac6/systemworkbench/plugins/fr.ac6.mcu.externaltools.arm-none.win32_1.17.0.201812190825/tools/compiler/bin/../lib/gcc/arm-none-eabi/7.3.1/../../../../arm-none-eabi/lib/thumb/v6-m\libc.a(lib_a-lock.o)
 .ARM.attributes
                0x000002c6       0x2c c:/ac6/systemworkbench/plugins/fr.ac6.mcu.externaltools.arm-none.win32_1.17.0.201812190825/tools/compiler/bin/../lib/gcc/arm-none-eabi/7.3.1/../../../../arm-none-eabi/lib/thumb/v6-m\libc.a(lib_a-__atexit.o)
 .ARM.attributes
                0x000002f2       0x1e c:/ac6/systemworkbench/plugins/fr.ac6.mcu.externaltools.arm-none.win32_1.17.0.201812190825/tools/compiler/bin/../lib/gcc/arm-none-eabi/7.3.1/thumb/v6-m/crtn.o
OUTPUT(project.elf elf32-littlearm)

.debug_info     0x00000000     0x26ef
 .debug_info    0x00000000     0x1fa6 src/main.o
 .debug_info    0x00001fa6      0x421 src/support.o
 .debug_info    0x000023c7      0x306 src/system_stm32f0xx.o
 .debug_info    0x000026cd       0x22 startup/startup_stm32.o

.debug_abbrev   0x00000000      0x721
 .debug_abbrev  0x00000000      0x3f8 src/main.o
 .debug_abbrev  0x000003f8      0x1bc src/support.o
 .debug_abbrev  0x000005b4      0x15b src/system_stm32f0xx.o
 .debug_abbrev  0x0000070f       0x12 startup/startup_stm32.o

.debug_aranges  0x00000000      0x220
 .debug_aranges
                0x00000000      0x158 src/main.o
 .debug_aranges
                0x00000158       0x70 src/support.o
 .debug_aranges
                0x000001c8       0x30 src/system_stm32f0xx.o
 .debug_aranges
                0x000001f8       0x28 startup/startup_stm32.o

.debug_ranges   0x00000000      0x1e8
 .debug_ranges  0x00000000      0x148 src/main.o
 .debug_ranges  0x00000148       0x60 src/support.o
 .debug_ranges  0x000001a8       0x20 src/system_stm32f0xx.o
 .debug_ranges  0x000001c8       0x20 startup/startup_stm32.o

.debug_macro    0x00000000      0xe77
 .debug_macro   0x00000000      0x291 src/main.o
 .debug_macro   0x00000291       0x18 src/main.o
 .debug_macro   0x000002a9       0x5e src/main.o
 .debug_macro   0x00000307       0x35 src/main.o
 .debug_macro   0x0000033c       0x34 src/main.o
 .debug_macro   0x00000370       0x16 src/main.o
 .debug_macro   0x00000386      0x10e src/main.o
 .debug_macro   0x00000494       0x8d src/main.o
 .debug_macro   0x00000521       0x58 src/main.o
 .debug_macro   0x00000579       0x1f src/main.o
 .debug_macro   0x00000598       0x43 src/main.o
 .debug_macro   0x000005db       0x20 src/main.o
 .debug_macro   0x000005fb      0x18e src/main.o
 .debug_macro   0x00000789      0x330 src/main.o
 .debug_macro   0x00000ab9       0x16 src/main.o
 .debug_macro   0x00000acf       0x29 src/main.o
 .debug_macro   0x00000af8       0x22 src/main.o
 .debug_macro   0x00000b1a       0x16 src/main.o
 .debug_macro   0x00000b30       0x35 src/main.o
 .debug_macro   0x00000b65      0x189 src/support.o
 .debug_macro   0x00000cee      0x189 src/system_stm32f0xx.o

.debug_line     0x00000000     0x1b15
 .debug_line    0x00000000      0xe3f src/main.o
 .debug_line    0x00000e3f      0x659 src/support.o
 .debug_line    0x00001498      0x601 src/system_stm32f0xx.o
 .debug_line    0x00001a99       0x7c startup/startup_stm32.o

.debug_str      0x00000000    0x4dfec
 .debug_str     0x00000000    0x4de52 src/main.o
                              0x4e171 (size before relaxing)
 .debug_str     0x0004de52       0xb9 src/support.o
                              0x4aaa8 (size before relaxing)
 .debug_str     0x0004df0b       0xb8 src/system_stm32f0xx.o
                              0x4aa8a (size before relaxing)
 .debug_str     0x0004dfc3       0x29 startup/startup_stm32.o
                                 0x50 (size before relaxing)

.comment        0x00000000       0x7f
 .comment       0x00000000       0x7f src/main.o
                                 0x80 (size before relaxing)
 .comment       0x0000007f       0x80 src/support.o
 .comment       0x0000007f       0x80 src/system_stm32f0xx.o

.debug_frame    0x00000000      0x950
 .debug_frame   0x00000000      0x4e8 src/main.o
 .debug_frame   0x000004e8      0x164 src/support.o
 .debug_frame   0x0000064c       0x6c src/system_stm32f0xx.o
 .debug_frame   0x000006b8       0x20 c:/ac6/systemworkbench/plugins/fr.ac6.mcu.externaltools.arm-none.win32_1.17.0.201812190825/tools/compiler/bin/../lib/gcc/arm-none-eabi/7.3.1/thumb/v6-m\libgcc.a(_udivsi3.o)
 .debug_frame   0x000006d8       0x2c c:/ac6/systemworkbench/plugins/fr.ac6.mcu.externaltools.arm-none.win32_1.17.0.201812190825/tools/compiler/bin/../lib/gcc/arm-none-eabi/7.3.1/../../../../arm-none-eabi/lib/thumb/v6-m\libc.a(lib_a-init.o)
 .debug_frame   0x00000704       0x40 c:/ac6/systemworkbench/plugins/fr.ac6.mcu.externaltools.arm-none.win32_1.17.0.201812190825/tools/compiler/bin/../lib/gcc/arm-none-eabi/7.3.1/../../../../arm-none-eabi/lib/thumb/v6-m\libc.a(lib_a-itoa.o)
 .debug_frame   0x00000744       0x28 c:/ac6/systemworkbench/plugins/fr.ac6.mcu.externaltools.arm-none.win32_1.17.0.201812190825/tools/compiler/bin/../lib/gcc/arm-none-eabi/7.3.1/../../../../arm-none-eabi/lib/thumb/v6-m\libc.a(lib_a-strlen-stub.o)
 .debug_frame   0x0000076c       0x50 c:/ac6/systemworkbench/plugins/fr.ac6.mcu.externaltools.arm-none.win32_1.17.0.201812190825/tools/compiler/bin/../lib/gcc/arm-none-eabi/7.3.1/../../../../arm-none-eabi/lib/thumb/v6-m\libc.a(lib_a-utoa.o)
 .debug_frame   0x000007bc       0x54 c:/ac6/systemworkbench/plugins/fr.ac6.mcu.externaltools.arm-none.win32_1.17.0.201812190825/tools/compiler/bin/../lib/gcc/arm-none-eabi/7.3.1/../../../../arm-none-eabi/lib/thumb/v6-m\libc.a(lib_a-__call_atexit.o)
 .debug_frame   0x00000810       0x28 c:/ac6/systemworkbench/plugins/fr.ac6.mcu.externaltools.arm-none.win32_1.17.0.201812190825/tools/compiler/bin/../lib/gcc/arm-none-eabi/7.3.1/../../../../arm-none-eabi/lib/thumb/v6-m\libc.a(lib_a-atexit.o)
 .debug_frame   0x00000838       0x2c c:/ac6/systemworkbench/plugins/fr.ac6.mcu.externaltools.arm-none.win32_1.17.0.201812190825/tools/compiler/bin/../lib/gcc/arm-none-eabi/7.3.1/../../../../arm-none-eabi/lib/thumb/v6-m\libc.a(lib_a-fini.o)
 .debug_frame   0x00000864       0xb0 c:/ac6/systemworkbench/plugins/fr.ac6.mcu.externaltools.arm-none.win32_1.17.0.201812190825/tools/compiler/bin/../lib/gcc/arm-none-eabi/7.3.1/../../../../arm-none-eabi/lib/thumb/v6-m\libc.a(lib_a-lock.o)
 .debug_frame   0x00000914       0x3c c:/ac6/systemworkbench/plugins/fr.ac6.mcu.externaltools.arm-none.win32_1.17.0.201812190825/tools/compiler/bin/../lib/gcc/arm-none-eabi/7.3.1/../../../../arm-none-eabi/lib/thumb/v6-m\libc.a(lib_a-__atexit.o)
